
> frontend@0.1.0 build
> next build

  Γû▓ Next.js 14.2.35

   Creating an optimized production build ...
 Γ£ô Compiled successfully
   Linting and checking validity of types ...

./src/app/auth/callback/page.tsx
59:6  Warning: React Hook useEffect has missing dependencies: 'params' and 'router'. Either include them or remove the dependency array.  react-hooks/exhaustive-deps

./src/app/badge/[token]/page.tsx
219:19  Warning: Using `<img>` could result in slower LCP and higher bandwidth. Consider using `<Image />` from `next/image` to automatically optimize images. This may incur additional usage or cost from your provider. See: https://nextjs.org/docs/messages/no-img-element  @next/next/no-img-element

./src/app/page.tsx
297:6  Warning: React Hook useEffect has missing dependencies: 'mouseX' and 'mouseY'. Either include them or remove the dependency array.  react-hooks/exhaustive-deps

./src/app/verify/page.tsx
261:6  Warning: React Hook useEffect has missing dependencies: 'STAGES', 'onDone', and 'repo.name'. Either include them or remove the dependency array. If 'onDone' changes too often, find the parent component that defines it and wrap that definition in useCallback.  react-hooks/exhaustive-deps
1003:6  Warning: React Hook useEffect has a missing dependency: 'router'. Either include it or remove the dependency array.  react-hooks/exhaustive-deps
1071:13  Warning: Using `<img>` could result in slower LCP and higher bandwidth. Consider using `<Image />` from `next/image` to automatically optimize images. This may incur additional usage or cost from your provider. See: https://nextjs.org/docs/messages/no-img-element  @next/next/no-img-element

info  - Need to disable some ESLint rules? Learn more here: https://nextjs.org/docs/basic-features/eslint#disabling-rules
   Collecting page data ...
   Generating static pages (0/10) ...
   Generating static pages (2/10) 
   Generating static pages (4/10) 
   Generating static pages (7/10) 
 Γ£ô Generating static pages (10/10)
   Finalizing page optimization ...
   Collecting build traces ...

Route (app)                               Size     First Load JS
Γöî Γùï /                                     23.2 kB         170 kB
Γö£ Γùï /_not-found                           873 B          88.2 kB
Γö£ Γùï /auth/callback                        1.05 kB        88.4 kB
Γö£ ╞Æ /badge/[token]                        103 kB          249 kB
Γö£ ╞Æ /challenge/[challengeId]              13 kB           122 kB
Γö£ ╞Æ /challenge/[challengeId]/submissions  5 kB            114 kB
Γö£ Γùï /challenge/create                     3.53 kB         112 kB
Γö£ ╞Æ /quick-challenge/[token]              4.22 kB         113 kB
Γö£ Γùï /recruiter                            9.36 kB         156 kB
Γö£ ╞Æ /recruiter/[token]                    7.6 kB          154 kB
Γö£ Γùï /recruiter/compare                    4.12 kB         113 kB
Γö£ ╞Æ /recruiter/live/[sessionCode]         4.2 kB          151 kB
Γö£ Γùï /verify                               12.3 kB         159 kB
Γöö ╞Æ /verify/live/[sessionCode]            3.94 kB         150 kB
+ First Load JS shared by all             87.4 kB
  Γö£ chunks/117-5887c0ebb696195c.js        31.7 kB
  Γö£ chunks/fd9d1056-ea336a44ca20b80f.js   53.6 kB
  Γöö other shared chunks (total)           1.99 kB


Γùï  (Static)   prerendered as static content
╞Æ  (Dynamic)  server-rendered on demand

